// Jest Snapshot v1, https://goo.gl/fbAQLP

exports[`Input renders correctly 1`] = `
<div
  className="container"
  style={Object {}}
>
  <div
    className="labelContainer"
  >
    <label
      className="label"
      htmlFor="label"
    >
      Label
    </label>
    <p
      className="alert"
    >
       
    </p>
  </div>
  <div
    className="inputContainer"
  >
    <input
      className="input"
      id="label"
      placeholder="My Placeholder"
      style={
        Object {
          "width": "100%",
        }
      }
    />
  </div>
</div>
`;
