// Jest Snapshot v1, https://goo.gl/fbAQLP

exports[`Button renders correctly 1`] = `
<div
  style={Object {}}
>
  <button
    className="button"
    onClick={[Function]}
    style={
      Object {
        "background": undefined,
        "color": undefined,
        "width": "100%",
      }
    }
    type="button"
  >
    Click here
  </button>
</div>
`;
