// Jest Snapshot v1, https://goo.gl/fbAQLP

exports[`Icon renders correctly 1`] = `
<div
  style={
    Object {
      "height": "16px",
    }
  }
>
  <svg
    aria-hidden="true"
    color="black"
    data-testid="HiMail-icon"
    fill="currentColor"
    height={16}
    stroke="currentColor"
    strokeWidth="0"
    style={
      Object {
        "color": "black",
      }
    }
    viewBox="0 0 20 20"
    width={16}
    xmlns="http://www.w3.org/2000/svg"
  >
    <path
      d="M2.003 5.884L10 9.882l7.997-3.998A2 2 0 0016 4H4a2 2 0 00-1.997 1.884z"
    />
    <path
      d="M18 8.118l-8 4-8-4V14a2 2 0 002 2h12a2 2 0 002-2V8.118z"
    />
  </svg>
</div>
`;
