// Jest Snapshot v1, https://goo.gl/fbAQLP

exports[`Logo renders correctly 1`] = `
<div
  className="logo"
>
  <h1>
    Kanban
  </h1>
  <div
    className="dev"
  >
    <p>
      Dev
    </p>
    <div
      className="data"
    >
      <p>
        Client: 
        1.2.2
      </p>
      <p>
        Server: 
        1.1.1
      </p>
    </div>
  </div>
</div>
`;
